// 同步 ID: 760849ad @ Fri Jul 17 17:57:20 UTC 2026
// 同步 ID: 5439a735 @ Sat Jul 18 10:41:24 UTC 2026
// 重构日志: a8a3a85d
// 重构日志: 9188f90b
// 重构日志: a31a7605
// 重构日志: df8d8095
// 重构日志: 3cf195b0
// 重构日志: c495c7b5
// 重构日志: 920088e1
// 重构日志: f42be5de
// 重构日志: 663d97fa
// 重构日志: 015038bf
// 重构日志: c8ed5bc6
// 同步 ID: a577ee4b @ Mon Jul 20 19:28:31 UTC 2026
// 重构日志: 2b049007
// 重构日志: 072f762f
// 重构日志: 01e390c8
// 重构日志: 7f78798a
// 重构日志: 6d3148a9
// 重构日志: 7f7a62ad
// 重构日志: 77a3a737
// 重构日志: cdd8298d
// 同步 ID: 4fe21cee @ Fri Jul 24 05:42:09 UTC 2026
// 同步 ID: 42e686f0 @ Sat Jul 25 14:14:21 UTC 2026
// 重构日志: f04285de
// 同步 ID: 407021f6 @ Sun Jul 26 05:11:56 UTC 2026
// 重构日志: 94c4fd0f
// 重构日志: 3c0f5cea
// 重构日志: 3e77f016
// 同步 ID: d57d6b93 @ Tue Jul 28 05:02:44 UTC 2026
// 重构日志: 09982c13
